Flow report for Processor
Tue Oct 22 23:39:00 2024
Quartus Prime Version 22.1std.0 Build 915 10/25/2022 SC Standard Edition


---------------------
; Table of Contents ;
---------------------
  1. Legal Notice
  2. Flow Summary
  3. Flow Settings
  4. Flow Non-Default Global Settings
  5. Flow Elapsed Time
  6. Flow OS Summary
  7. Flow Log
  8. Flow Messages
  9. Flow Suppressed Messages



----------------
; Legal Notice ;
----------------
Copyright (C) 2022  Intel Corporation. All rights reserved.
Your use of Intel Corporation's design tools, logic functions 
and other software and tools, and any partner logic 
functions, and any output files from any of the foregoing 
(including device programming or simulation files), and any 
associated documentation or information are expressly subject 
to the terms and conditions of the Intel Program License 
Subscription Agreement, the Intel Quartus Prime License Agreement,
the Intel FPGA IP License Agreement, or other applicable license
agreement, including, without limitation, that your use is for
the sole purpose of programming logic devices manufactured by
Intel and sold by Intel or its authorized distributors.  Please
refer to the applicable agreement for further details, at
https://fpgasoftware.intel.com/eula.



+--------------------------------------------------------------------------------------+
; Flow Summary                                                                         ;
+---------------------------------+----------------------------------------------------+
; Flow Status                     ; Successful - Tue Oct 22 23:39:00 2024              ;
; Quartus Prime Version           ; 22.1std.0 Build 915 10/25/2022 SC Standard Edition ;
; Revision Name                   ; Processor                                          ;
; Top-level Entity Name           ; pipeline                                           ;
; Family                          ; Cyclone V                                          ;
; Device                          ; 5CSEMA5F31C6                                       ;
; Timing Models                   ; Final                                              ;
; Logic utilization (in ALMs)     ; 1 / 32,070 ( < 1 % )                               ;
; Total registers                 ; 0                                                  ;
; Total pins                      ; 3 / 457 ( < 1 % )                                  ;
; Total virtual pins              ; 0                                                  ;
; Total block memory bits         ; 0 / 4,065,280 ( 0 % )                              ;
; Total DSP Blocks                ; 0 / 87 ( 0 % )                                     ;
; Total HSSI RX PCSs              ; 0                                                  ;
; Total HSSI PMA RX Deserializers ; 0                                                  ;
; Total HSSI TX PCSs              ; 0                                                  ;
; Total HSSI PMA TX Serializers   ; 0                                                  ;
; Total PLLs                      ; 0 / 6 ( 0 % )                                      ;
; Total DLLs                      ; 0 / 4 ( 0 % )                                      ;
+---------------------------------+----------------------------------------------------+


+-----------------------------------------+
; Flow Settings                           ;
+-------------------+---------------------+
; Option            ; Setting             ;
+-------------------+---------------------+
; Start date & time ; 10/22/2024 23:38:15 ;
; Main task         ; Compilation         ;
; Revision Name     ; Processor           ;
+-------------------+---------------------+


+-------------------------------------------------------------------------------------------------------------------------------------------------+
; Flow Non-Default Global Settings                                                                                                                ;
+--------------------------------------+----------------------------------------+---------------+-------------+-----------------------------------+
; Assignment Name                      ; Value                                  ; Default Value ; Entity Name ; Section Id                        ;
+--------------------------------------+----------------------------------------+---------------+-------------+-----------------------------------+
; COMPILER_SIGNATURE_ID                ; 10995770589187.172966189527188         ; --            ; --          ; --                                ;
; EDA_DESIGN_INSTANCE_NAME             ; NA                                     ; --            ; --          ; Adder_tb                          ;
; EDA_DESIGN_INSTANCE_NAME             ; NA                                     ; --            ; --          ; control_unit_tb                   ;
; EDA_DESIGN_INSTANCE_NAME             ; NA                                     ; --            ; --          ; register_file_tb                  ;
; EDA_DESIGN_INSTANCE_NAME             ; NA                                     ; --            ; --          ; pipeline_tb                       ;
; EDA_DESIGN_INSTANCE_NAME             ; NA                                     ; --            ; --          ; mux_2_tb                          ;
; EDA_DESIGN_INSTANCE_NAME             ; NA                                     ; --            ; --          ; pc_register                       ;
; EDA_DESIGN_INSTANCE_NAME             ; NA                                     ; --            ; --          ; if_id_tb                          ;
; EDA_DESIGN_INSTANCE_NAME             ; NA                                     ; --            ; --          ; sign_extend_tb                    ;
; EDA_DESIGN_INSTANCE_NAME             ; NA                                     ; --            ; --          ; ex_mem_tb                         ;
; EDA_DESIGN_INSTANCE_NAME             ; NA                                     ; --            ; --          ; mem_wb_tb                         ;
; EDA_DESIGN_INSTANCE_NAME             ; NA                                     ; --            ; --          ; mux_4_tb                          ;
; EDA_DESIGN_INSTANCE_NAME             ; NA                                     ; --            ; --          ; alu_tb                            ;
; EDA_DESIGN_INSTANCE_NAME             ; NA                                     ; --            ; --          ; id_ex_tb                          ;
; EDA_DESIGN_INSTANCE_NAME             ; NA                                     ; --            ; --          ; jump_unit_tb                      ;
; EDA_GENERATE_FUNCTIONAL_NETLIST      ; Off                                    ; --            ; --          ; eda_board_design_timing           ;
; EDA_GENERATE_FUNCTIONAL_NETLIST      ; Off                                    ; --            ; --          ; eda_board_design_boundary_scan    ;
; EDA_GENERATE_FUNCTIONAL_NETLIST      ; Off                                    ; --            ; --          ; eda_board_design_signal_integrity ;
; EDA_GENERATE_FUNCTIONAL_NETLIST      ; Off                                    ; --            ; --          ; eda_board_design_symbol           ;
; EDA_NATIVELINK_SIMULATION_TEST_BENCH ; pipeline_tb                            ; --            ; --          ; eda_simulation                    ;
; EDA_OUTPUT_DATA_FORMAT               ; Verilog Hdl                            ; --            ; --          ; eda_simulation                    ;
; EDA_SIMULATION_TOOL                  ; ModelSim (Verilog)                     ; <None>        ; --          ; --                                ;
; EDA_TEST_BENCH_ENABLE_STATUS         ; TEST_BENCH_MODE                        ; --            ; --          ; eda_simulation                    ;
; EDA_TEST_BENCH_FILE                  ; ADDER/adder_tb.sv                      ; --            ; --          ; Adder_tb                          ;
; EDA_TEST_BENCH_FILE                  ; CONTROL_UNIT/control_unit_tb.sv        ; --            ; --          ; control_unit_tb                   ;
; EDA_TEST_BENCH_FILE                  ; REG_FILE/register_file_tb.sv           ; --            ; --          ; register_file_tb                  ;
; EDA_TEST_BENCH_FILE                  ; pipeline_tb.sv                         ; --            ; --          ; pipeline_tb                       ;
; EDA_TEST_BENCH_FILE                  ; MUX/mux_2_tb.sv                        ; --            ; --          ; mux_2_tb                          ;
; EDA_TEST_BENCH_FILE                  ; PC_REG/pc_register_tb.sv               ; --            ; --          ; pc_register                       ;
; EDA_TEST_BENCH_FILE                  ; SEGMENTATION/segment_if_id_tb.sv       ; --            ; --          ; if_id_tb                          ;
; EDA_TEST_BENCH_FILE                  ; ID_STAGE/sign_extend_tb.sv             ; --            ; --          ; sign_extend_tb                    ;
; EDA_TEST_BENCH_FILE                  ; SEGMENTATION/segment_ex_mem_tb.sv      ; --            ; --          ; ex_mem_tb                         ;
; EDA_TEST_BENCH_FILE                  ; SEGMENTATION/segment_mem_wb_tb.sv      ; --            ; --          ; mem_wb_tb                         ;
; EDA_TEST_BENCH_FILE                  ; MUX/mux_4_tb.sv                        ; --            ; --          ; mux_4_tb                          ;
; EDA_TEST_BENCH_FILE                  ; ALU/alu_tb.sv                          ; --            ; --          ; alu_tb                            ;
; EDA_TEST_BENCH_FILE                  ; SEGMENTATION/segment_id_ex_tb.sv       ; --            ; --          ; id_ex_tb                          ;
; EDA_TEST_BENCH_FILE                  ; JUMP_UNIT/jump_unit_tb.sv              ; --            ; --          ; jump_unit_tb                      ;
; EDA_TEST_BENCH_MODULE_NAME           ; Adder_tb                               ; --            ; --          ; Adder_tb                          ;
; EDA_TEST_BENCH_MODULE_NAME           ; control_unit_tb                        ; --            ; --          ; control_unit_tb                   ;
; EDA_TEST_BENCH_MODULE_NAME           ; register_file_tb                       ; --            ; --          ; register_file_tb                  ;
; EDA_TEST_BENCH_MODULE_NAME           ; pipeline_tb                            ; --            ; --          ; pipeline_tb                       ;
; EDA_TEST_BENCH_MODULE_NAME           ; mux_2_tb                               ; --            ; --          ; mux_2_tb                          ;
; EDA_TEST_BENCH_MODULE_NAME           ; pc_register                            ; --            ; --          ; pc_register                       ;
; EDA_TEST_BENCH_MODULE_NAME           ; if_id_tb                               ; --            ; --          ; if_id_tb                          ;
; EDA_TEST_BENCH_MODULE_NAME           ; sign_extend_tb                         ; --            ; --          ; sign_extend_tb                    ;
; EDA_TEST_BENCH_MODULE_NAME           ; ex_mem_tb                              ; --            ; --          ; ex_mem_tb                         ;
; EDA_TEST_BENCH_MODULE_NAME           ; mem_wb_tb                              ; --            ; --          ; mem_wb_tb                         ;
; EDA_TEST_BENCH_MODULE_NAME           ; mux_4_tb                               ; --            ; --          ; mux_4_tb                          ;
; EDA_TEST_BENCH_MODULE_NAME           ; alu_tb                                 ; --            ; --          ; alu_tb                            ;
; EDA_TEST_BENCH_MODULE_NAME           ; id_ex_tb                               ; --            ; --          ; id_ex_tb                          ;
; EDA_TEST_BENCH_MODULE_NAME           ; jump_unit_tb                           ; --            ; --          ; jump_unit_tb                      ;
; EDA_TEST_BENCH_NAME                  ; alu_tb                                 ; --            ; --          ; eda_simulation                    ;
; EDA_TEST_BENCH_NAME                  ; mux_2_tb                               ; --            ; --          ; eda_simulation                    ;
; EDA_TEST_BENCH_NAME                  ; mux_4_tb                               ; --            ; --          ; eda_simulation                    ;
; EDA_TEST_BENCH_NAME                  ; control_unit_tb                        ; --            ; --          ; eda_simulation                    ;
; EDA_TEST_BENCH_NAME                  ; register_file_tb                       ; --            ; --          ; eda_simulation                    ;
; EDA_TEST_BENCH_NAME                  ; pc_register                            ; --            ; --          ; eda_simulation                    ;
; EDA_TEST_BENCH_NAME                  ; if_id_tb                               ; --            ; --          ; eda_simulation                    ;
; EDA_TEST_BENCH_NAME                  ; mem_wb_tb                              ; --            ; --          ; eda_simulation                    ;
; EDA_TEST_BENCH_NAME                  ; id_ex_tb                               ; --            ; --          ; eda_simulation                    ;
; EDA_TEST_BENCH_NAME                  ; ex_mem_tb                              ; --            ; --          ; eda_simulation                    ;
; EDA_TEST_BENCH_NAME                  ; jump_unit_tb                           ; --            ; --          ; eda_simulation                    ;
; EDA_TEST_BENCH_NAME                  ; sign_extend_tb                         ; --            ; --          ; eda_simulation                    ;
; EDA_TEST_BENCH_NAME                  ; pipeline_tb                            ; --            ; --          ; eda_simulation                    ;
; EDA_TIME_SCALE                       ; 1 ps                                   ; --            ; --          ; eda_simulation                    ;
; MAX_CORE_JUNCTION_TEMP               ; 85                                     ; --            ; --          ; --                                ;
; MIN_CORE_JUNCTION_TEMP               ; 0                                      ; --            ; --          ; --                                ;
; PARTITION_COLOR                      ; -- (Not supported for targeted family) ; --            ; pipeline    ; Top                               ;
; PARTITION_FITTER_PRESERVATION_LEVEL  ; -- (Not supported for targeted family) ; --            ; pipeline    ; Top                               ;
; PARTITION_NETLIST_TYPE               ; -- (Not supported for targeted family) ; --            ; pipeline    ; Top                               ;
; POWER_BOARD_THERMAL_MODEL            ; None (CONSERVATIVE)                    ; --            ; --          ; --                                ;
; POWER_PRESET_COOLING_SOLUTION        ; 23 MM HEAT SINK WITH 200 LFPM AIRFLOW  ; --            ; --          ; --                                ;
; PROJECT_OUTPUT_DIRECTORY             ; output_files                           ; --            ; --          ; --                                ;
; TOP_LEVEL_ENTITY                     ; pipeline                               ; Processor     ; --          ; --                                ;
+--------------------------------------+----------------------------------------+---------------+-------------+-----------------------------------+


+--------------------------------------------------------------------------------------------------------------------------+
; Flow Elapsed Time                                                                                                        ;
+----------------------+--------------+-------------------------+---------------------+------------------------------------+
; Module Name          ; Elapsed Time ; Average Processors Used ; Peak Virtual Memory ; Total CPU Time (on all processors) ;
+----------------------+--------------+-------------------------+---------------------+------------------------------------+
; Analysis & Synthesis ; 00:00:12     ; 1.0                     ; 5403 MB             ; 00:00:22                           ;
; Fitter               ; 00:00:25     ; 1.0                     ; 6715 MB             ; 00:01:04                           ;
; Assembler            ; 00:00:00     ; 1.0                     ; 4755 MB             ; 00:00:01                           ;
; Timing Analyzer      ; 00:00:04     ; 1.0                     ; 5138 MB             ; 00:00:03                           ;
; EDA Netlist Writer   ; 00:00:01     ; 1.0                     ; 4724 MB             ; 00:00:01                           ;
; Total                ; 00:00:42     ; --                      ; --                  ; 00:01:31                           ;
+----------------------+--------------+-------------------------+---------------------+------------------------------------+


+------------------------------------------------------------------------------------+
; Flow OS Summary                                                                    ;
+----------------------+------------------+------------+------------+----------------+
; Module Name          ; Machine Hostname ; OS Name    ; OS Version ; Processor type ;
+----------------------+------------------+------------+------------+----------------+
; Analysis & Synthesis ; DESKTOP-1EUPKRV  ; Windows 10 ; 10.0       ; x86_64         ;
; Fitter               ; DESKTOP-1EUPKRV  ; Windows 10 ; 10.0       ; x86_64         ;
; Assembler            ; DESKTOP-1EUPKRV  ; Windows 10 ; 10.0       ; x86_64         ;
; Timing Analyzer      ; DESKTOP-1EUPKRV  ; Windows 10 ; 10.0       ; x86_64         ;
; EDA Netlist Writer   ; DESKTOP-1EUPKRV  ; Windows 10 ; 10.0       ; x86_64         ;
+----------------------+------------------+------------+------------+----------------+


------------
; Flow Log ;
------------
quartus_map --read_settings_files=on --write_settings_files=off Processor -c Processor
quartus_fit --read_settings_files=off --write_settings_files=off Processor -c Processor
quartus_asm --read_settings_files=off --write_settings_files=off Processor -c Processor
quartus_sta Processor -c Processor
quartus_eda --read_settings_files=off --write_settings_files=off Processor -c Processor



